[ ERROR ] Error in file 'C:\Users\gouth\PycharmProjects\PythonProject_RobotFramework\PO\resource.robot' on line 6: Setting 'Suite Setup' is not allowed in resource file.
